[2026-07-03T00:44:48.338460100] === Игра Wordle запущена ===
[2026-07-03T00:44:48.341297700] Загрузка словаря...
[2026-07-03T00:44:48.419296800] Словарь загружен. Количество слов: 4158
[2026-07-03T00:44:48.419296800] Создание игры...
[2026-07-03T00:44:48.420301400] Игра создана. Загадано слово из 4158 возможных
[2026-07-03T00:44:54.396843100] Ошибка: Слово "ааааа" не найдено в словаре
[2026-07-03T00:45:01.180524] Ошибка: Слово "абвгд" не найдено в словаре
[2026-07-03T00:45:05.575930900] Ход: мышца -> -^--- (осталось: 5)
[2026-07-03T00:45:16.972841300] Ошибка: Слово "ириса" не найдено в словаре
[2026-07-03T00:45:21.548359800] Ошибка: Слово должно состоять из 5 букв
[2026-07-03T00:45:23.260270400] Ошибка: Слово "ллллл" не найдено в словаре
[2026-07-03T00:45:29.965696] Ход: мэрия -> ----- (осталось: 4)
[2026-07-03T00:45:41.355721400] Ход: проза -> --^-- (осталось: 3)
[2026-07-03T00:46:11.221340500] Ошибка: Слово "слоны" не найдено в словаре
[2026-07-03T00:46:15.083170900] Ошибка: Слово "слонн" не найдено в словаре
[2026-07-03T00:46:19.179451400] Ошибка: Слово должно состоять из 5 букв
[2026-07-03T00:46:24.411481300] Ошибка: Слово "черти" не найдено в словаре
[2026-07-03T00:46:39.573663200] Ход: слава -> +---- (осталось: 2)
[2026-07-03T00:46:46.571659900] Ход: сырок -> +^-^- (осталось: 1)
[2026-07-03T00:46:59.268017900] Ошибка: Слово "сбива" не найдено в словаре
[2026-07-03T00:47:04.684953700] Ход: лодка -> -+--- (осталось: 0)
[2026-07-03T00:47:04.685957800] Игрок проиграл. Слово: сотый
[2026-07-03T00:47:04.685957800] === Игра завершена ===
